// Jest Snapshot v1, https://goo.gl/fbAQLP

exports[`<ChatMessage> render without crashing 1`] = `
<div
  className="container"
  onMouseEnter={[Function]}
  onMouseLeave={[Function]}
>
  <div>
    <img
      alt="Avatar"
      src=""
    />
    <div>
      <div
        className="email"
      />
      <div
        className="fullname"
      >
        Robin Balmforth
      </div>
      <div
        className="message"
      >
        Hello, World!
      </div>
    </div>
  </div>
  <span
    className="time-right"
  >
    2016-06-03T20:24:29Z
  </span>
</div>
`;
