// Jest Snapshot v1, https://goo.gl/fbAQLP

exports[`<ChatListContainer> renders without crashing 1`] = `
<ChatList
  chatMessage={
    Array [
      Object {
        "avatar": null,
        "email": "robin@example.com",
        "fullName": "Robin Balmforth",
        "message": "Hello, World!",
        "messageId": "12356",
        "timestamp": "2016-06-03T20:24:29Z",
        "userId": "613651251",
      },
    ]
  }
  key="ChatList"
/>
`;
